// Jest Snapshot v1, https://goo.gl/fbAQLP

exports[`NotePageMain component renders a Note with note prop 1`] = `
<Note
  onDeleteNote={[Function]}
/>
`;
